[0.162s] DEBUG:colcon:Command line arguments: ['/usr/bin/colcon', 'build', '--symlink-install']
[0.162s] DEBUG:colcon:Parsed command line arguments: Namespace(log_base=None, log_level=None, verb_name='build', build_base='build', install_base='install', merge_install=False, symlink_install=True, test_result_base=None, continue_on_error=False, executor='parallel', parallel_workers=12, event_handlers=None, ignore_user_meta=False, metas=['./colcon.meta'], base_paths=['.'], packages_ignore=None, packages_ignore_regex=None, paths=None, packages_up_to=None, packages_up_to_regex=None, packages_above=None, packages_above_and_dependencies=None, packages_above_depth=None, packages_select_by_dep=None, packages_skip_by_dep=None, packages_skip_up_to=None, packages_select_build_failed=False, packages_skip_build_finished=False, packages_select_test_failures=False, packages_skip_test_passed=False, packages_select=None, packages_skip=None, packages_select_regex=None, packages_skip_regex=None, packages_start=None, packages_end=None, cmake_args=None, cmake_target=None, cmake_target_skip_unavailable=False, cmake_clean_cache=False, cmake_clean_first=False, cmake_force_configure=False, ament_cmake_args=None, catkin_cmake_args=None, catkin_skip_building_tests=False, mixin_files=None, mixin=None, verb_parser=<colcon_mixin.mixin.mixin_argument.MixinArgumentDecorator object at 0x71304f148490>, verb_extension=<colcon_core.verb.build.BuildVerb object at 0x71304f11bf10>, main=<bound method BuildVerb.main of <colcon_core.verb.build.BuildVerb object at 0x71304f11bf10>>, mixin_verb=('build',))
[0.284s] Level 1:colcon.colcon_core.package_discovery:discover_packages(colcon_meta) check parameters
[0.285s] INFO:colcon.colcon_metadata.package_discovery.colcon_meta:Using configuration from '/root/.colcon/metadata/default/Gazebo.meta'
[0.286s] INFO:colcon.colcon_metadata.package_discovery.colcon_meta:Using configuration from '/root/.colcon/metadata/default/fastdds.meta'
[0.286s] INFO:colcon.colcon_metadata.package_discovery.colcon_meta:Using configuration from '/root/.colcon/metadata/default/fastrtps.meta'
[0.287s] Level 1:colcon.colcon_core.package_discovery:discover_packages(recursive) check parameters
[0.287s] Level 1:colcon.colcon_core.package_discovery:discover_packages(ignore) check parameters
[0.287s] Level 1:colcon.colcon_core.package_discovery:discover_packages(path) check parameters
[0.287s] Level 1:colcon.colcon_core.package_discovery:discover_packages(colcon_meta) discover
[0.287s] Level 1:colcon.colcon_core.package_discovery:discover_packages(recursive) discover
[0.287s] INFO:colcon.colcon_core.package_discovery:Crawling recursively for packages in '/workspace/ros2_ws'
[0.287s] Level 1:colcon.colcon_core.package_identification:_identify(.) by extensions ['ignore', 'ignore_ament_install']
[0.287s] Level 1:colcon.colcon_core.package_identification:_identify(.) by extension 'ignore'
[0.287s] Level 1:colcon.colcon_core.package_identification:_identify(.) by extension 'ignore_ament_install'
[0.287s] Level 1:colcon.colcon_core.package_identification:_identify(.) by extensions ['colcon_pkg']
[0.287s] Level 1:colcon.colcon_core.package_identification:_identify(.) by extension 'colcon_pkg'
[0.287s] Level 1:colcon.colcon_core.package_identification:_identify(.) by extensions ['colcon_meta']
[0.287s] Level 1:colcon.colcon_core.package_identification:_identify(.) by extension 'colcon_meta'
[0.287s] Level 1:colcon.colcon_core.package_identification:_identify(.) by extensions ['ros']
[0.287s] Level 1:colcon.colcon_core.package_identification:_identify(.) by extension 'ros'
[0.298s] Level 1:colcon.colcon_core.package_identification:_identify(.) by extensions ['cmake', 'python']
[0.298s] Level 1:colcon.colcon_core.package_identification:_identify(.) by extension 'cmake'
[0.298s] Level 1:colcon.colcon_core.package_identification:_identify(.) by extension 'python'
[0.298s] Level 1:colcon.colcon_core.package_identification:_identify(.) by extensions ['python_setup_py']
[0.298s] Level 1:colcon.colcon_core.package_identification:_identify(.) by extension 'python_setup_py'
[0.298s] Level 1:colcon.colcon_core.package_identification:_identify(build) by extensions ['ignore', 'ignore_ament_install']
[0.298s] Level 1:colcon.colcon_core.package_identification:_identify(build) by extension 'ignore'
[0.298s] Level 1:colcon.colcon_core.package_identification:_identify(build) ignored
[0.299s] Level 1:colcon.colcon_core.package_identification:_identify(install) by extensions ['ignore', 'ignore_ament_install']
[0.299s] Level 1:colcon.colcon_core.package_identification:_identify(install) by extension 'ignore'
[0.299s] Level 1:colcon.colcon_core.package_identification:_identify(install) ignored
[0.299s] Level 1:colcon.colcon_core.package_identification:_identify(log) by extensions ['ignore', 'ignore_ament_install']
[0.299s] Level 1:colcon.colcon_core.package_identification:_identify(log) by extension 'ignore'
[0.299s] Level 1:colcon.colcon_core.package_identification:_identify(log) ignored
[0.299s] Level 1:colcon.colcon_core.package_identification:_identify(src) by extensions ['ignore', 'ignore_ament_install']
[0.299s] Level 1:colcon.colcon_core.package_identification:_identify(src) by extension 'ignore'
[0.299s] Level 1:colcon.colcon_core.package_identification:_identify(src) by extension 'ignore_ament_install'
[0.299s] Level 1:colcon.colcon_core.package_identification:_identify(src) by extensions ['colcon_pkg']
[0.299s] Level 1:colcon.colcon_core.package_identification:_identify(src) by extension 'colcon_pkg'
[0.299s] Level 1:colcon.colcon_core.package_identification:_identify(src) by extensions ['colcon_meta']
[0.299s] Level 1:colcon.colcon_core.package_identification:_identify(src) by extension 'colcon_meta'
[0.299s] Level 1:colcon.colcon_core.package_identification:_identify(src) by extensions ['ros']
[0.299s] Level 1:colcon.colcon_core.package_identification:_identify(src) by extension 'ros'
[0.299s] Level 1:colcon.colcon_core.package_identification:_identify(src) by extensions ['cmake', 'python']
[0.299s] Level 1:colcon.colcon_core.package_identification:_identify(src) by extension 'cmake'
[0.299s] Level 1:colcon.colcon_core.package_identification:_identify(src) by extension 'python'
[0.299s] Level 1:colcon.colcon_core.package_identification:_identify(src) by extensions ['python_setup_py']
[0.299s] Level 1:colcon.colcon_core.package_identification:_identify(src) by extension 'python_setup_py'
[0.299s] Level 1:colcon.colcon_core.package_identification:_identify(src/px4_msgs) by extensions ['ignore', 'ignore_ament_install']
[0.299s] Level 1:colcon.colcon_core.package_identification:_identify(src/px4_msgs) by extension 'ignore'
[0.299s] Level 1:colcon.colcon_core.package_identification:_identify(src/px4_msgs) by extension 'ignore_ament_install'
[0.299s] Level 1:colcon.colcon_core.package_identification:_identify(src/px4_msgs) by extensions ['colcon_pkg']
[0.299s] Level 1:colcon.colcon_core.package_identification:_identify(src/px4_msgs) by extension 'colcon_pkg'
[0.299s] Level 1:colcon.colcon_core.package_identification:_identify(src/px4_msgs) by extensions ['colcon_meta']
[0.299s] Level 1:colcon.colcon_core.package_identification:_identify(src/px4_msgs) by extension 'colcon_meta'
[0.299s] Level 1:colcon.colcon_core.package_identification:_identify(src/px4_msgs) by extensions ['ros']
[0.299s] Level 1:colcon.colcon_core.package_identification:_identify(src/px4_msgs) by extension 'ros'
[0.302s] DEBUG:colcon.colcon_core.package_identification:Package 'src/px4_msgs' with type 'ros.ament_cmake' and name 'px4_msgs'
[0.302s] Level 1:colcon.colcon_core.package_identification:_identify(src/px4_ros_com) by extensions ['ignore', 'ignore_ament_install']
[0.302s] Level 1:colcon.colcon_core.package_identification:_identify(src/px4_ros_com) by extension 'ignore'
[0.302s] Level 1:colcon.colcon_core.package_identification:_identify(src/px4_ros_com) by extension 'ignore_ament_install'
[0.302s] Level 1:colcon.colcon_core.package_identification:_identify(src/px4_ros_com) by extensions ['colcon_pkg']
[0.302s] Level 1:colcon.colcon_core.package_identification:_identify(src/px4_ros_com) by extension 'colcon_pkg'
[0.302s] Level 1:colcon.colcon_core.package_identification:_identify(src/px4_ros_com) by extensions ['colcon_meta']
[0.302s] Level 1:colcon.colcon_core.package_identification:_identify(src/px4_ros_com) by extension 'colcon_meta'
[0.302s] Level 1:colcon.colcon_core.package_identification:_identify(src/px4_ros_com) by extensions ['ros']
[0.302s] Level 1:colcon.colcon_core.package_identification:_identify(src/px4_ros_com) by extension 'ros'
[0.303s] DEBUG:colcon.colcon_core.package_identification:Package 'src/px4_ros_com' with type 'ros.ament_cmake' and name 'px4_ros_com'
[0.303s] Level 1:colcon.colcon_core.package_discovery:discover_packages(recursive) using defaults
[0.303s] Level 1:colcon.colcon_core.package_discovery:discover_packages(ignore) discover
[0.303s] Level 1:colcon.colcon_core.package_discovery:discover_packages(ignore) using defaults
[0.303s] Level 1:colcon.colcon_core.package_discovery:discover_packages(path) discover
[0.303s] Level 1:colcon.colcon_core.package_discovery:discover_packages(path) using defaults
[0.321s] Level 5:colcon.colcon_core.verb:set package 'px4_msgs' build argument 'cmake_args' from command line to 'None'
[0.321s] Level 5:colcon.colcon_core.verb:set package 'px4_msgs' build argument 'cmake_target' from command line to 'None'
[0.321s] Level 5:colcon.colcon_core.verb:set package 'px4_msgs' build argument 'cmake_target_skip_unavailable' from command line to 'False'
[0.321s] Level 5:colcon.colcon_core.verb:set package 'px4_msgs' build argument 'cmake_clean_cache' from command line to 'False'
[0.321s] Level 5:colcon.colcon_core.verb:set package 'px4_msgs' build argument 'cmake_clean_first' from command line to 'False'
[0.321s] Level 5:colcon.colcon_core.verb:set package 'px4_msgs' build argument 'cmake_force_configure' from command line to 'False'
[0.321s] Level 5:colcon.colcon_core.verb:set package 'px4_msgs' build argument 'ament_cmake_args' from command line to 'None'
[0.321s] Level 5:colcon.colcon_core.verb:set package 'px4_msgs' build argument 'catkin_cmake_args' from command line to 'None'
[0.321s] Level 5:colcon.colcon_core.verb:set package 'px4_msgs' build argument 'catkin_skip_building_tests' from command line to 'False'
[0.321s] DEBUG:colcon.colcon_core.verb:Building package 'px4_msgs' with the following arguments: {'ament_cmake_args': None, 'build_base': '/workspace/ros2_ws/build/px4_msgs', 'catkin_cmake_args': None, 'catkin_skip_building_tests': False, 'cmake_args': None, 'cmake_clean_cache': False, 'cmake_clean_first': False, 'cmake_force_configure': False, 'cmake_target': None, 'cmake_target_skip_unavailable': False, 'install_base': '/workspace/ros2_ws/install/px4_msgs', 'merge_install': False, 'path': '/workspace/ros2_ws/src/px4_msgs', 'symlink_install': True, 'test_result_base': None}
[0.322s] Level 5:colcon.colcon_core.verb:set package 'px4_ros_com' build argument 'cmake_args' from command line to 'None'
[0.322s] Level 5:colcon.colcon_core.verb:set package 'px4_ros_com' build argument 'cmake_target' from command line to 'None'
[0.322s] Level 5:colcon.colcon_core.verb:set package 'px4_ros_com' build argument 'cmake_target_skip_unavailable' from command line to 'False'
[0.322s] Level 5:colcon.colcon_core.verb:set package 'px4_ros_com' build argument 'cmake_clean_cache' from command line to 'False'
[0.322s] Level 5:colcon.colcon_core.verb:set package 'px4_ros_com' build argument 'cmake_clean_first' from command line to 'False'
[0.322s] Level 5:colcon.colcon_core.verb:set package 'px4_ros_com' build argument 'cmake_force_configure' from command line to 'False'
[0.322s] Level 5:colcon.colcon_core.verb:set package 'px4_ros_com' build argument 'ament_cmake_args' from command line to 'None'
[0.322s] Level 5:colcon.colcon_core.verb:set package 'px4_ros_com' build argument 'catkin_cmake_args' from command line to 'None'
[0.322s] Level 5:colcon.colcon_core.verb:set package 'px4_ros_com' build argument 'catkin_skip_building_tests' from command line to 'False'
[0.322s] DEBUG:colcon.colcon_core.verb:Building package 'px4_ros_com' with the following arguments: {'ament_cmake_args': None, 'build_base': '/workspace/ros2_ws/build/px4_ros_com', 'catkin_cmake_args': None, 'catkin_skip_building_tests': False, 'cmake_args': None, 'cmake_clean_cache': False, 'cmake_clean_first': False, 'cmake_force_configure': False, 'cmake_target': None, 'cmake_target_skip_unavailable': False, 'install_base': '/workspace/ros2_ws/install/px4_ros_com', 'merge_install': False, 'path': '/workspace/ros2_ws/src/px4_ros_com', 'symlink_install': True, 'test_result_base': None}
[0.322s] INFO:colcon.colcon_core.executor:Executing jobs using 'parallel' executor
[0.323s] DEBUG:colcon.colcon_parallel_executor.executor.parallel:run_until_complete
[0.323s] INFO:colcon.colcon_ros.task.ament_cmake.build:Building ROS package in '/workspace/ros2_ws/src/px4_msgs' with build type 'ament_cmake'
[0.323s] INFO:colcon.colcon_cmake.task.cmake.build:Building CMake package in '/workspace/ros2_ws/src/px4_msgs'
[0.327s] INFO:colcon.colcon_core.plugin_system:Skipping extension 'colcon_core.shell.bat': Not used on non-Windows systems
[0.327s] INFO:colcon.colcon_core.shell:Skip shell extension 'powershell' for command environment: Not usable outside of PowerShell
[0.327s] DEBUG:colcon.colcon_core.shell:Skip shell extension 'dsv' for command environment
[0.334s] DEBUG:colcon.colcon_core.event_handler.log_command:Invoking command in '/workspace/ros2_ws/build/px4_msgs': CMAKE_PREFIX_PATH=/opt/ros/humble /usr/bin/cmake /workspace/ros2_ws/src/px4_msgs -DAMENT_CMAKE_SYMLINK_INSTALL=1 -DCMAKE_INSTALL_PREFIX=/workspace/ros2_ws/install/px4_msgs
[3.381s] DEBUG:colcon.colcon_core.event_handler.log_command:Invoked command in '/workspace/ros2_ws/build/px4_msgs' returned '0': CMAKE_PREFIX_PATH=/opt/ros/humble /usr/bin/cmake /workspace/ros2_ws/src/px4_msgs -DAMENT_CMAKE_SYMLINK_INSTALL=1 -DCMAKE_INSTALL_PREFIX=/workspace/ros2_ws/install/px4_msgs
[3.383s] DEBUG:colcon.colcon_core.event_handler.log_command:Invoking command in '/workspace/ros2_ws/build/px4_msgs': CMAKE_PREFIX_PATH=/opt/ros/humble /usr/bin/cmake --build /workspace/ros2_ws/build/px4_msgs -- -j12 -l12
[180.633s] DEBUG:colcon.colcon_core.event_handler.log_command:Invoked command in '/workspace/ros2_ws/build/px4_msgs' returned '0': CMAKE_PREFIX_PATH=/opt/ros/humble /usr/bin/cmake --build /workspace/ros2_ws/build/px4_msgs -- -j12 -l12
[180.640s] DEBUG:colcon.colcon_core.event_handler.log_command:Invoking command in '/workspace/ros2_ws/build/px4_msgs': CMAKE_PREFIX_PATH=/opt/ros/humble /usr/bin/cmake --install /workspace/ros2_ws/build/px4_msgs
[206.541s] Level 1:colcon.colcon_core.environment:create_environment_scripts_only(px4_msgs)
[206.541s] DEBUG:colcon.colcon_core.event_handler.log_command:Invoked command in '/workspace/ros2_ws/build/px4_msgs' returned '0': CMAKE_PREFIX_PATH=/opt/ros/humble /usr/bin/cmake --install /workspace/ros2_ws/build/px4_msgs
[206.547s] Level 1:colcon.colcon_core.environment:checking '/workspace/ros2_ws/install/px4_msgs' for CMake module files
[206.547s] Level 1:colcon.colcon_core.environment:checking '/workspace/ros2_ws/install/px4_msgs' for CMake config files
[206.567s] Level 1:colcon.colcon_core.shell:create_environment_hook('px4_msgs', 'cmake_prefix_path')
[206.567s] INFO:colcon.colcon_core.shell:Creating environment hook '/workspace/ros2_ws/install/px4_msgs/share/px4_msgs/hook/cmake_prefix_path.ps1'
[206.568s] INFO:colcon.colcon_core.shell:Creating environment descriptor '/workspace/ros2_ws/install/px4_msgs/share/px4_msgs/hook/cmake_prefix_path.dsv'
[206.569s] INFO:colcon.colcon_core.shell:Creating environment hook '/workspace/ros2_ws/install/px4_msgs/share/px4_msgs/hook/cmake_prefix_path.sh'
[206.569s] Level 1:colcon.colcon_core.environment:checking '/workspace/ros2_ws/install/px4_msgs/lib'
[206.570s] Level 1:colcon.colcon_core.shell:create_environment_hook('px4_msgs', 'ld_library_path_lib')
[206.570s] INFO:colcon.colcon_core.shell:Creating environment hook '/workspace/ros2_ws/install/px4_msgs/share/px4_msgs/hook/ld_library_path_lib.ps1'
[206.570s] INFO:colcon.colcon_core.shell:Creating environment descriptor '/workspace/ros2_ws/install/px4_msgs/share/px4_msgs/hook/ld_library_path_lib.dsv'
[206.570s] INFO:colcon.colcon_core.shell:Creating environment hook '/workspace/ros2_ws/install/px4_msgs/share/px4_msgs/hook/ld_library_path_lib.sh'
[206.570s] Level 1:colcon.colcon_core.environment:checking '/workspace/ros2_ws/install/px4_msgs/bin'
[206.570s] Level 1:colcon.colcon_core.environment:checking '/workspace/ros2_ws/install/px4_msgs/lib/pkgconfig/px4_msgs.pc'
[206.572s] Level 1:colcon.colcon_core.environment:checking '/workspace/ros2_ws/install/px4_msgs/lib/python3.10/site-packages'
[206.572s] Level 1:colcon.colcon_core.environment:checking '/workspace/ros2_ws/install/px4_msgs/bin'
[206.572s] INFO:colcon.colcon_core.shell:Creating package script '/workspace/ros2_ws/install/px4_msgs/share/px4_msgs/package.ps1'
[206.573s] INFO:colcon.colcon_core.shell:Creating package descriptor '/workspace/ros2_ws/install/px4_msgs/share/px4_msgs/package.dsv'
[206.574s] INFO:colcon.colcon_core.shell:Creating package script '/workspace/ros2_ws/install/px4_msgs/share/px4_msgs/package.sh'
[206.574s] INFO:colcon.colcon_core.shell:Creating package script '/workspace/ros2_ws/install/px4_msgs/share/px4_msgs/package.bash'
[206.576s] INFO:colcon.colcon_core.shell:Creating package script '/workspace/ros2_ws/install/px4_msgs/share/px4_msgs/package.zsh'
[206.577s] Level 1:colcon.colcon_core.environment:create_file_with_runtime_dependencies(/workspace/ros2_ws/install/px4_msgs/share/colcon-core/packages/px4_msgs)
[206.577s] Level 1:colcon.colcon_core.environment:create_environment_scripts_only(px4_msgs)
[206.577s] Level 1:colcon.colcon_core.environment:checking '/workspace/ros2_ws/install/px4_msgs' for CMake module files
[206.578s] Level 1:colcon.colcon_core.environment:checking '/workspace/ros2_ws/install/px4_msgs' for CMake config files
[206.596s] Level 1:colcon.colcon_core.shell:create_environment_hook('px4_msgs', 'cmake_prefix_path')
[206.596s] INFO:colcon.colcon_core.shell:Creating environment hook '/workspace/ros2_ws/install/px4_msgs/share/px4_msgs/hook/cmake_prefix_path.ps1'
[206.597s] INFO:colcon.colcon_core.shell:Creating environment descriptor '/workspace/ros2_ws/install/px4_msgs/share/px4_msgs/hook/cmake_prefix_path.dsv'
[206.597s] INFO:colcon.colcon_core.shell:Creating environment hook '/workspace/ros2_ws/install/px4_msgs/share/px4_msgs/hook/cmake_prefix_path.sh'
[206.597s] Level 1:colcon.colcon_core.environment:checking '/workspace/ros2_ws/install/px4_msgs/lib'
[206.598s] Level 1:colcon.colcon_core.shell:create_environment_hook('px4_msgs', 'ld_library_path_lib')
[206.598s] INFO:colcon.colcon_core.shell:Creating environment hook '/workspace/ros2_ws/install/px4_msgs/share/px4_msgs/hook/ld_library_path_lib.ps1'
[206.598s] INFO:colcon.colcon_core.shell:Creating environment descriptor '/workspace/ros2_ws/install/px4_msgs/share/px4_msgs/hook/ld_library_path_lib.dsv'
[206.598s] INFO:colcon.colcon_core.shell:Creating environment hook '/workspace/ros2_ws/install/px4_msgs/share/px4_msgs/hook/ld_library_path_lib.sh'
[206.598s] Level 1:colcon.colcon_core.environment:checking '/workspace/ros2_ws/install/px4_msgs/bin'
[206.598s] Level 1:colcon.colcon_core.environment:checking '/workspace/ros2_ws/install/px4_msgs/lib/pkgconfig/px4_msgs.pc'
[206.599s] Level 1:colcon.colcon_core.environment:checking '/workspace/ros2_ws/install/px4_msgs/lib/python3.10/site-packages'
[206.599s] Level 1:colcon.colcon_core.environment:checking '/workspace/ros2_ws/install/px4_msgs/bin'
[206.599s] INFO:colcon.colcon_core.shell:Creating package script '/workspace/ros2_ws/install/px4_msgs/share/px4_msgs/package.ps1'
[206.600s] INFO:colcon.colcon_core.shell:Creating package descriptor '/workspace/ros2_ws/install/px4_msgs/share/px4_msgs/package.dsv'
[206.600s] INFO:colcon.colcon_core.shell:Creating package script '/workspace/ros2_ws/install/px4_msgs/share/px4_msgs/package.sh'
[206.600s] INFO:colcon.colcon_core.shell:Creating package script '/workspace/ros2_ws/install/px4_msgs/share/px4_msgs/package.bash'
[206.600s] INFO:colcon.colcon_core.shell:Creating package script '/workspace/ros2_ws/install/px4_msgs/share/px4_msgs/package.zsh'
[206.601s] Level 1:colcon.colcon_core.environment:create_file_with_runtime_dependencies(/workspace/ros2_ws/install/px4_msgs/share/colcon-core/packages/px4_msgs)
[206.601s] INFO:colcon.colcon_ros.task.ament_cmake.build:Building ROS package in '/workspace/ros2_ws/src/px4_ros_com' with build type 'ament_cmake'
[206.601s] INFO:colcon.colcon_cmake.task.cmake.build:Building CMake package in '/workspace/ros2_ws/src/px4_ros_com'
[206.601s] INFO:colcon.colcon_core.shell:Skip shell extension 'powershell' for command environment: Not usable outside of PowerShell
[206.602s] DEBUG:colcon.colcon_core.shell:Skip shell extension 'dsv' for command environment
[206.608s] DEBUG:colcon.colcon_core.event_handler.log_command:Invoking command in '/workspace/ros2_ws/build/px4_ros_com': AMENT_PREFIX_PATH=/workspace/ros2_ws/install/px4_msgs:${AMENT_PREFIX_PATH} CMAKE_PREFIX_PATH=/workspace/ros2_ws/install/px4_msgs:/opt/ros/humble LD_LIBRARY_PATH=/workspace/ros2_ws/install/px4_msgs/lib:${LD_LIBRARY_PATH} PYTHONPATH=/workspace/ros2_ws/install/px4_msgs/local/lib/python3.10/dist-packages:${PYTHONPATH} /usr/bin/cmake /workspace/ros2_ws/src/px4_ros_com -DAMENT_CMAKE_SYMLINK_INSTALL=1 -DCMAKE_INSTALL_PREFIX=/workspace/ros2_ws/install/px4_ros_com
[207.551s] DEBUG:colcon.colcon_core.event_handler.log_command:Invoked command in '/workspace/ros2_ws/build/px4_ros_com' returned '0': AMENT_PREFIX_PATH=/workspace/ros2_ws/install/px4_msgs:${AMENT_PREFIX_PATH} CMAKE_PREFIX_PATH=/workspace/ros2_ws/install/px4_msgs:/opt/ros/humble LD_LIBRARY_PATH=/workspace/ros2_ws/install/px4_msgs/lib:${LD_LIBRARY_PATH} PYTHONPATH=/workspace/ros2_ws/install/px4_msgs/local/lib/python3.10/dist-packages:${PYTHONPATH} /usr/bin/cmake /workspace/ros2_ws/src/px4_ros_com -DAMENT_CMAKE_SYMLINK_INSTALL=1 -DCMAKE_INSTALL_PREFIX=/workspace/ros2_ws/install/px4_ros_com
[207.552s] DEBUG:colcon.colcon_core.event_handler.log_command:Invoking command in '/workspace/ros2_ws/build/px4_ros_com': AMENT_PREFIX_PATH=/workspace/ros2_ws/install/px4_msgs:${AMENT_PREFIX_PATH} CMAKE_PREFIX_PATH=/workspace/ros2_ws/install/px4_msgs:/opt/ros/humble LD_LIBRARY_PATH=/workspace/ros2_ws/install/px4_msgs/lib:${LD_LIBRARY_PATH} PYTHONPATH=/workspace/ros2_ws/install/px4_msgs/local/lib/python3.10/dist-packages:${PYTHONPATH} /usr/bin/cmake --build /workspace/ros2_ws/build/px4_ros_com -- -j12 -l12
[213.946s] DEBUG:colcon.colcon_core.event_handler.log_command:Invoked command in '/workspace/ros2_ws/build/px4_ros_com' returned '0': AMENT_PREFIX_PATH=/workspace/ros2_ws/install/px4_msgs:${AMENT_PREFIX_PATH} CMAKE_PREFIX_PATH=/workspace/ros2_ws/install/px4_msgs:/opt/ros/humble LD_LIBRARY_PATH=/workspace/ros2_ws/install/px4_msgs/lib:${LD_LIBRARY_PATH} PYTHONPATH=/workspace/ros2_ws/install/px4_msgs/local/lib/python3.10/dist-packages:${PYTHONPATH} /usr/bin/cmake --build /workspace/ros2_ws/build/px4_ros_com -- -j12 -l12
[213.948s] DEBUG:colcon.colcon_core.event_handler.log_command:Invoking command in '/workspace/ros2_ws/build/px4_ros_com': AMENT_PREFIX_PATH=/workspace/ros2_ws/install/px4_msgs:${AMENT_PREFIX_PATH} CMAKE_PREFIX_PATH=/workspace/ros2_ws/install/px4_msgs:/opt/ros/humble LD_LIBRARY_PATH=/workspace/ros2_ws/install/px4_msgs/lib:${LD_LIBRARY_PATH} PYTHONPATH=/workspace/ros2_ws/install/px4_msgs/local/lib/python3.10/dist-packages:${PYTHONPATH} /usr/bin/cmake --install /workspace/ros2_ws/build/px4_ros_com
[214.228s] Level 1:colcon.colcon_core.environment:create_environment_scripts_only(px4_ros_com)
[214.229s] Level 1:colcon.colcon_core.environment:checking '/workspace/ros2_ws/install/px4_ros_com' for CMake module files
[214.229s] DEBUG:colcon.colcon_core.event_handler.log_command:Invoked command in '/workspace/ros2_ws/build/px4_ros_com' returned '0': AMENT_PREFIX_PATH=/workspace/ros2_ws/install/px4_msgs:${AMENT_PREFIX_PATH} CMAKE_PREFIX_PATH=/workspace/ros2_ws/install/px4_msgs:/opt/ros/humble LD_LIBRARY_PATH=/workspace/ros2_ws/install/px4_msgs/lib:${LD_LIBRARY_PATH} PYTHONPATH=/workspace/ros2_ws/install/px4_msgs/local/lib/python3.10/dist-packages:${PYTHONPATH} /usr/bin/cmake --install /workspace/ros2_ws/build/px4_ros_com
[214.229s] Level 1:colcon.colcon_core.environment:checking '/workspace/ros2_ws/install/px4_ros_com' for CMake config files
[214.230s] Level 1:colcon.colcon_core.shell:create_environment_hook('px4_ros_com', 'cmake_prefix_path')
[214.230s] INFO:colcon.colcon_core.shell:Creating environment hook '/workspace/ros2_ws/install/px4_ros_com/share/px4_ros_com/hook/cmake_prefix_path.ps1'
[214.230s] INFO:colcon.colcon_core.shell:Creating environment descriptor '/workspace/ros2_ws/install/px4_ros_com/share/px4_ros_com/hook/cmake_prefix_path.dsv'
[214.230s] INFO:colcon.colcon_core.shell:Creating environment hook '/workspace/ros2_ws/install/px4_ros_com/share/px4_ros_com/hook/cmake_prefix_path.sh'
[214.231s] Level 1:colcon.colcon_core.environment:checking '/workspace/ros2_ws/install/px4_ros_com/lib'
[214.231s] Level 1:colcon.colcon_core.shell:create_environment_hook('px4_ros_com', 'ld_library_path_lib')
[214.231s] INFO:colcon.colcon_core.shell:Creating environment hook '/workspace/ros2_ws/install/px4_ros_com/share/px4_ros_com/hook/ld_library_path_lib.ps1'
[214.231s] INFO:colcon.colcon_core.shell:Creating environment descriptor '/workspace/ros2_ws/install/px4_ros_com/share/px4_ros_com/hook/ld_library_path_lib.dsv'
[214.232s] INFO:colcon.colcon_core.shell:Creating environment hook '/workspace/ros2_ws/install/px4_ros_com/share/px4_ros_com/hook/ld_library_path_lib.sh'
[214.232s] Level 1:colcon.colcon_core.environment:checking '/workspace/ros2_ws/install/px4_ros_com/bin'
[214.232s] Level 1:colcon.colcon_core.environment:checking '/workspace/ros2_ws/install/px4_ros_com/lib/pkgconfig/px4_ros_com.pc'
[214.232s] Level 1:colcon.colcon_core.environment:checking '/workspace/ros2_ws/install/px4_ros_com/lib/python3.10/site-packages'
[214.232s] Level 1:colcon.colcon_core.environment:checking '/workspace/ros2_ws/install/px4_ros_com/bin'
[214.232s] INFO:colcon.colcon_core.shell:Creating package script '/workspace/ros2_ws/install/px4_ros_com/share/px4_ros_com/package.ps1'
[214.233s] INFO:colcon.colcon_core.shell:Creating package descriptor '/workspace/ros2_ws/install/px4_ros_com/share/px4_ros_com/package.dsv'
[214.233s] INFO:colcon.colcon_core.shell:Creating package script '/workspace/ros2_ws/install/px4_ros_com/share/px4_ros_com/package.sh'
[214.233s] INFO:colcon.colcon_core.shell:Creating package script '/workspace/ros2_ws/install/px4_ros_com/share/px4_ros_com/package.bash'
[214.234s] INFO:colcon.colcon_core.shell:Creating package script '/workspace/ros2_ws/install/px4_ros_com/share/px4_ros_com/package.zsh'
[214.234s] Level 1:colcon.colcon_core.environment:create_file_with_runtime_dependencies(/workspace/ros2_ws/install/px4_ros_com/share/colcon-core/packages/px4_ros_com)
[214.234s] Level 1:colcon.colcon_core.environment:create_environment_scripts_only(px4_ros_com)
[214.235s] Level 1:colcon.colcon_core.environment:checking '/workspace/ros2_ws/install/px4_ros_com' for CMake module files
[214.235s] Level 1:colcon.colcon_core.environment:checking '/workspace/ros2_ws/install/px4_ros_com' for CMake config files
[214.235s] Level 1:colcon.colcon_core.shell:create_environment_hook('px4_ros_com', 'cmake_prefix_path')
[214.235s] INFO:colcon.colcon_core.shell:Creating environment hook '/workspace/ros2_ws/install/px4_ros_com/share/px4_ros_com/hook/cmake_prefix_path.ps1'
[214.236s] INFO:colcon.colcon_core.shell:Creating environment descriptor '/workspace/ros2_ws/install/px4_ros_com/share/px4_ros_com/hook/cmake_prefix_path.dsv'
[214.236s] INFO:colcon.colcon_core.shell:Creating environment hook '/workspace/ros2_ws/install/px4_ros_com/share/px4_ros_com/hook/cmake_prefix_path.sh'
[214.236s] Level 1:colcon.colcon_core.environment:checking '/workspace/ros2_ws/install/px4_ros_com/lib'
[214.236s] Level 1:colcon.colcon_core.shell:create_environment_hook('px4_ros_com', 'ld_library_path_lib')
[214.236s] INFO:colcon.colcon_core.shell:Creating environment hook '/workspace/ros2_ws/install/px4_ros_com/share/px4_ros_com/hook/ld_library_path_lib.ps1'
[214.237s] INFO:colcon.colcon_core.shell:Creating environment descriptor '/workspace/ros2_ws/install/px4_ros_com/share/px4_ros_com/hook/ld_library_path_lib.dsv'
[214.237s] INFO:colcon.colcon_core.shell:Creating environment hook '/workspace/ros2_ws/install/px4_ros_com/share/px4_ros_com/hook/ld_library_path_lib.sh'
[214.237s] Level 1:colcon.colcon_core.environment:checking '/workspace/ros2_ws/install/px4_ros_com/bin'
[214.237s] Level 1:colcon.colcon_core.environment:checking '/workspace/ros2_ws/install/px4_ros_com/lib/pkgconfig/px4_ros_com.pc'
[214.237s] Level 1:colcon.colcon_core.environment:checking '/workspace/ros2_ws/install/px4_ros_com/lib/python3.10/site-packages'
[214.238s] Level 1:colcon.colcon_core.environment:checking '/workspace/ros2_ws/install/px4_ros_com/bin'
[214.238s] INFO:colcon.colcon_core.shell:Creating package script '/workspace/ros2_ws/install/px4_ros_com/share/px4_ros_com/package.ps1'
[214.238s] INFO:colcon.colcon_core.shell:Creating package descriptor '/workspace/ros2_ws/install/px4_ros_com/share/px4_ros_com/package.dsv'
[214.238s] INFO:colcon.colcon_core.shell:Creating package script '/workspace/ros2_ws/install/px4_ros_com/share/px4_ros_com/package.sh'
[214.239s] INFO:colcon.colcon_core.shell:Creating package script '/workspace/ros2_ws/install/px4_ros_com/share/px4_ros_com/package.bash'
[214.248s] INFO:colcon.colcon_core.shell:Creating package script '/workspace/ros2_ws/install/px4_ros_com/share/px4_ros_com/package.zsh'
[214.249s] Level 1:colcon.colcon_core.environment:create_file_with_runtime_dependencies(/workspace/ros2_ws/install/px4_ros_com/share/colcon-core/packages/px4_ros_com)
[214.249s] DEBUG:colcon.colcon_parallel_executor.executor.parallel:closing loop
[214.249s] DEBUG:colcon.colcon_parallel_executor.executor.parallel:loop closed
[214.249s] DEBUG:colcon.colcon_parallel_executor.executor.parallel:run_until_complete finished with '0'
[214.249s] DEBUG:colcon.colcon_core.event_reactor:joining thread
[214.258s] INFO:colcon.colcon_core.plugin_system:Skipping extension 'colcon_notification.desktop_notification.notify_send': Could not find 'notify-send'
[214.258s] INFO:colcon.colcon_core.plugin_system:Skipping extension 'colcon_notification.desktop_notification.terminal_notifier': Not used on non-Darwin systems
[214.258s] INFO:colcon.colcon_core.plugin_system:Skipping extension 'colcon_notification.desktop_notification.win32': Not used on non-Windows systems
[214.258s] INFO:colcon.colcon_notification.desktop_notification:Sending desktop notification using 'notify2'
[214.261s] DEBUG:colcon.colcon_notification.desktop_notification.notify2:Failed to initialize notify2: org.freedesktop.DBus.Error.Spawn.ExecFailed: /usr/bin/dbus-launch terminated abnormally without any error message
[214.261s] DEBUG:colcon.colcon_core.event_reactor:joined thread
[214.261s] INFO:colcon.colcon_core.shell:Creating prefix script '/workspace/ros2_ws/install/local_setup.ps1'
[214.262s] INFO:colcon.colcon_core.shell:Creating prefix util module '/workspace/ros2_ws/install/_local_setup_util_ps1.py'
[214.264s] INFO:colcon.colcon_core.shell:Creating prefix chain script '/workspace/ros2_ws/install/setup.ps1'
[214.265s] INFO:colcon.colcon_core.shell:Creating prefix script '/workspace/ros2_ws/install/local_setup.sh'
[214.265s] INFO:colcon.colcon_core.shell:Creating prefix util module '/workspace/ros2_ws/install/_local_setup_util_sh.py'
[214.266s] INFO:colcon.colcon_core.shell:Creating prefix chain script '/workspace/ros2_ws/install/setup.sh'
[214.267s] INFO:colcon.colcon_core.shell:Creating prefix script '/workspace/ros2_ws/install/local_setup.bash'
[214.267s] INFO:colcon.colcon_core.shell:Creating prefix chain script '/workspace/ros2_ws/install/setup.bash'
[214.268s] INFO:colcon.colcon_core.shell:Creating prefix script '/workspace/ros2_ws/install/local_setup.zsh'
[214.269s] INFO:colcon.colcon_core.shell:Creating prefix chain script '/workspace/ros2_ws/install/setup.zsh'
