[0.006s] Invoking command in '/workspace/ros2_ws/build/px4_ros_com': AMENT_PREFIX_PATH=/workspace/ros2_ws/install/px4_msgs:${AMENT_PREFIX_PATH} CMAKE_PREFIX_PATH=/workspace/ros2_ws/install/px4_msgs:/opt/ros/humble LD_LIBRARY_PATH=/workspace/ros2_ws/install/px4_msgs/lib:${LD_LIBRARY_PATH} PYTHONPATH=/workspace/ros2_ws/install/px4_msgs/local/lib/python3.10/dist-packages:${PYTHONPATH} /usr/bin/cmake /workspace/ros2_ws/src/px4_ros_com -DAMENT_CMAKE_SYMLINK_INSTALL=1 -DCMAKE_INSTALL_PREFIX=/workspace/ros2_ws/install/px4_ros_com
[0.043s] -- The C compiler identification is GNU 11.4.0
[0.081s] -- The CXX compiler identification is GNU 11.4.0
[0.087s] -- Detecting C compiler ABI info
[0.135s] -- Detecting C compiler ABI info - done
[0.140s] -- Check for working C compiler: /usr/bin/cc - skipped
[0.142s] -- Detecting C compile features
[0.142s] -- Detecting C compile features - done
[0.144s] -- Detecting CXX compiler ABI info
[0.199s] -- Detecting CXX compiler ABI info - done
[0.205s] -- Check for working CXX compiler: /usr/bin/c++ - skipped
[0.205s] -- Detecting CXX compile features
[0.205s] -- Detecting CXX compile features - done
[0.207s] -- Found ament_cmake: 1.3.14 (/opt/ros/humble/share/ament_cmake/cmake)
[0.308s] -- Found Python3: /usr/bin/python3 (found version "3.10.12") found components: Interpreter 
[0.352s] -- Override CMake install command with custom implementation using symlinks instead of copying resources
[0.375s] -- Found builtin_interfaces: 1.2.3 (/opt/ros/humble/share/builtin_interfaces/cmake)
[0.397s] -- Found rosidl_generator_c: 3.1.9 (/opt/ros/humble/share/rosidl_generator_c/cmake)
[0.401s] -- Found rosidl_adapter: 3.1.9 (/opt/ros/humble/share/rosidl_adapter/cmake)
[0.407s] -- Found rosidl_generator_cpp: 3.1.9 (/opt/ros/humble/share/rosidl_generator_cpp/cmake)
[0.414s] -- Using all available rosidl_typesupport_c: rosidl_typesupport_fastrtps_c;rosidl_typesupport_introspection_c
[0.424s] -- Using all available rosidl_typesupport_cpp: rosidl_typesupport_fastrtps_cpp;rosidl_typesupport_introspection_cpp
[0.438s] -- Found eigen3_cmake_module: 0.1.1 (/opt/ros/humble/share/eigen3_cmake_module/cmake)
[0.446s] -- Found Eigen3: TRUE (found version "3.4.0") 
[0.447s] -- Found geometry_msgs: 4.9.2 (/opt/ros/humble/share/geometry_msgs/cmake)
[0.475s] -- Found px4_msgs: 1.17.0 (/workspace/ros2_ws/install/px4_msgs/share/px4_msgs/cmake)
[0.485s] -- Found rclcpp: 16.0.19 (/opt/ros/humble/share/rclcpp/cmake)
[0.526s] -- Found rmw_implementation_cmake: 6.1.3 (/opt/ros/humble/share/rmw_implementation_cmake/cmake)
[0.529s] -- Found rmw_fastrtps_cpp: 6.2.10 (/opt/ros/humble/share/rmw_fastrtps_cpp/cmake)
[0.596s] -- Found OpenSSL: /usr/lib/x86_64-linux-gnu/libcrypto.so (found version "3.0.2")  
[0.620s] -- Found FastRTPS: /opt/ros/humble/include  
[0.655s] -- Using RMW implementation 'rmw_fastrtps_cpp' as default
[0.662s] -- Looking for pthread.h
[0.711s] -- Looking for pthread.h - found
[0.711s] -- Performing Test CMAKE_HAVE_LIBC_PTHREAD
[0.763s] -- Performing Test CMAKE_HAVE_LIBC_PTHREAD - Success
[0.764s] -- Found Threads: TRUE  
[0.804s] -- Found sensor_msgs: 4.9.2 (/opt/ros/humble/share/sensor_msgs/cmake)
[0.822s] -- Found rclpy: 3.3.21 (/opt/ros/humble/share/rclpy/cmake)
[0.830s] -- Found ament_lint_auto: 0.12.15 (/opt/ros/humble/share/ament_lint_auto/cmake)
[0.905s] -- Added test 'copyright' to check source files copyright and LICENSE
[0.908s] -- Added test 'cppcheck' to perform static code analysis on C / C++ code
[0.908s] -- Configured cppcheck include dirs: /workspace/ros2_ws/src/px4_ros_com/include;$<BUILD_INTERFACE:/workspace/ros2_ws/src/px4_ros_com/include/px4_ros_com>
[0.908s] -- Configured cppcheck exclude dirs and/or files: 
[0.911s] -- Added test 'cpplint' to check C / C++ code against the Google style
[0.911s] -- Configured cpplint exclude dirs and/or files: 
[0.912s] -- Added test 'flake8' to check Python code syntax and style conventions
[0.913s] -- Added test 'lint_cmake' to check CMake code style
[0.914s] -- Added test 'pep257' to check Python code against some of the docstring style conventions in PEP 257
[0.917s] -- Added test 'uncrustify' to check C / C++ code style
[0.917s] -- Configured uncrustify additional arguments: 
[0.917s] -- Added test 'xmllint' to check XML markup files
[0.919s] -- Configuring done
[0.935s] -- Generating done
[0.941s] -- Build files have been written to: /workspace/ros2_ws/build/px4_ros_com
[0.949s] Invoked command in '/workspace/ros2_ws/build/px4_ros_com' returned '0': AMENT_PREFIX_PATH=/workspace/ros2_ws/install/px4_msgs:${AMENT_PREFIX_PATH} CMAKE_PREFIX_PATH=/workspace/ros2_ws/install/px4_msgs:/opt/ros/humble LD_LIBRARY_PATH=/workspace/ros2_ws/install/px4_msgs/lib:${LD_LIBRARY_PATH} PYTHONPATH=/workspace/ros2_ws/install/px4_msgs/local/lib/python3.10/dist-packages:${PYTHONPATH} /usr/bin/cmake /workspace/ros2_ws/src/px4_ros_com -DAMENT_CMAKE_SYMLINK_INSTALL=1 -DCMAKE_INSTALL_PREFIX=/workspace/ros2_ws/install/px4_ros_com
[0.950s] Invoking command in '/workspace/ros2_ws/build/px4_ros_com': AMENT_PREFIX_PATH=/workspace/ros2_ws/install/px4_msgs:${AMENT_PREFIX_PATH} CMAKE_PREFIX_PATH=/workspace/ros2_ws/install/px4_msgs:/opt/ros/humble LD_LIBRARY_PATH=/workspace/ros2_ws/install/px4_msgs/lib:${LD_LIBRARY_PATH} PYTHONPATH=/workspace/ros2_ws/install/px4_msgs/local/lib/python3.10/dist-packages:${PYTHONPATH} /usr/bin/cmake --build /workspace/ros2_ws/build/px4_ros_com -- -j12 -l12
[0.987s] [ 16%] [32mBuilding CXX object CMakeFiles/frame_transforms.dir/src/lib/frame_transforms.cpp.o[0m
[0.987s] [ 16%] [32mBuilding CXX object CMakeFiles/sensor_combined_listener.dir/src/examples/listeners/sensor_combined_listener.cpp.o[0m
[0.987s] [ 25%] [32mBuilding CXX object CMakeFiles/offboard_control.dir/src/examples/offboard/offboard_control.cpp.o[0m
[0.987s] [ 33%] [32mBuilding CXX object CMakeFiles/vehicle_gps_position_listener.dir/src/examples/listeners/vehicle_gps_position_listener.cpp.o[0m
[0.988s] [ 41%] [32mBuilding CXX object CMakeFiles/offboard_control_srv.dir/src/examples/offboard/offboard_control_srv.cpp.o[0m
[0.988s] [ 50%] [32mBuilding CXX object CMakeFiles/debug_vect_advertiser.dir/src/examples/advertisers/debug_vect_advertiser.cpp.o[0m
[0.996s] [ 50%] Built target ament_cmake_python_symlink_px4_ros_com
[1.158s] running egg_info
[1.159s] creating px4_ros_com.egg-info
[1.163s] writing px4_ros_com.egg-info/PKG-INFO
[1.163s] writing dependency_links to px4_ros_com.egg-info/dependency_links.txt
[1.163s] writing top-level names to px4_ros_com.egg-info/top_level.txt
[1.163s] writing manifest file 'px4_ros_com.egg-info/SOURCES.txt'
[1.163s] reading manifest file 'px4_ros_com.egg-info/SOURCES.txt'
[1.163s] writing manifest file 'px4_ros_com.egg-info/SOURCES.txt'
[1.188s] [ 50%] Built target ament_cmake_python_build_px4_ros_com_egg
[4.403s] [ 58%] [32m[1mLinking CXX executable debug_vect_advertiser[0m
[4.577s] [ 58%] Built target debug_vect_advertiser
[4.944s] [ 66%] [32m[1mLinking CXX executable offboard_control[0m
[5.115s] [ 66%] Built target offboard_control
[5.414s] [ 75%] [32m[1mLinking CXX executable offboard_control_srv[0m
[5.590s] [ 75%] Built target offboard_control_srv
[6.392s] [ 83%] [32m[1mLinking CXX shared library libframe_transforms.so[0m
[6.592s] [ 83%] Built target frame_transforms
[7.047s] [ 91%] [32m[1mLinking CXX executable sensor_combined_listener[0m
[7.075s] [100%] [32m[1mLinking CXX executable vehicle_gps_position_listener[0m
[7.329s] [100%] Built target sensor_combined_listener
[7.336s] [100%] Built target vehicle_gps_position_listener
[7.344s] Invoked command in '/workspace/ros2_ws/build/px4_ros_com' returned '0': AMENT_PREFIX_PATH=/workspace/ros2_ws/install/px4_msgs:${AMENT_PREFIX_PATH} CMAKE_PREFIX_PATH=/workspace/ros2_ws/install/px4_msgs:/opt/ros/humble LD_LIBRARY_PATH=/workspace/ros2_ws/install/px4_msgs/lib:${LD_LIBRARY_PATH} PYTHONPATH=/workspace/ros2_ws/install/px4_msgs/local/lib/python3.10/dist-packages:${PYTHONPATH} /usr/bin/cmake --build /workspace/ros2_ws/build/px4_ros_com -- -j12 -l12
[7.346s] Invoking command in '/workspace/ros2_ws/build/px4_ros_com': AMENT_PREFIX_PATH=/workspace/ros2_ws/install/px4_msgs:${AMENT_PREFIX_PATH} CMAKE_PREFIX_PATH=/workspace/ros2_ws/install/px4_msgs:/opt/ros/humble LD_LIBRARY_PATH=/workspace/ros2_ws/install/px4_msgs/lib:${LD_LIBRARY_PATH} PYTHONPATH=/workspace/ros2_ws/install/px4_msgs/local/lib/python3.10/dist-packages:${PYTHONPATH} /usr/bin/cmake --install /workspace/ros2_ws/build/px4_ros_com
[7.350s] -- Install configuration: ""
[7.350s] -- Execute custom install script
[7.350s] -- Symlinking: /workspace/ros2_ws/install/px4_ros_com/lib/px4_ros_com/sensor_combined_listener
[7.356s] -- Symlinking: /workspace/ros2_ws/install/px4_ros_com/lib/px4_ros_com/vehicle_gps_position_listener
[7.362s] -- Symlinking: /workspace/ros2_ws/install/px4_ros_com/lib/px4_ros_com/debug_vect_advertiser
[7.368s] -- Symlinking: /workspace/ros2_ws/install/px4_ros_com/lib/px4_ros_com/offboard_control
[7.375s] -- Symlinking: /workspace/ros2_ws/install/px4_ros_com/lib/px4_ros_com/offboard_control_srv
[7.381s] -- Symlinking: /workspace/ros2_ws/install/px4_ros_com/share/px4_ros_com/environment/library_path.sh
[7.386s] -- Symlinking: /workspace/ros2_ws/install/px4_ros_com/share/px4_ros_com/environment/library_path.dsv
[7.396s] -- Symlinking: /workspace/ros2_ws/install/px4_ros_com/include/px4_ros_com/frame_transforms.h
[7.399s] -- Symlinking: /workspace/ros2_ws/install/px4_ros_com/share/px4_ros_com//launch/offboard_control_launch.yaml
[7.404s] -- Symlinking: /workspace/ros2_ws/install/px4_ros_com/share/px4_ros_com//launch/sensor_combined_listener.launch.py
[7.411s] -- Symlinking: /workspace/ros2_ws/install/px4_ros_com/share/px4_ros_com//test/__init__.py
[7.417s] -- Symlinking: /workspace/ros2_ws/install/px4_ros_com/share/px4_ros_com//test/pipeline_io_test.py
[7.423s] -- Symlinking: /workspace/ros2_ws/install/px4_ros_com/share/px4_ros_com//test/test_input.py
[7.429s] -- Symlinking: /workspace/ros2_ws/install/px4_ros_com/share/px4_ros_com//test/test_output.py
[7.435s] -- Symlinking: /workspace/ros2_ws/install/px4_ros_com/share/px4_ros_com/environment/pythonpath.sh
[7.442s] -- Symlinking: /workspace/ros2_ws/install/px4_ros_com/share/px4_ros_com/environment/pythonpath.dsv
[7.448s] -- Symlinking: /workspace/ros2_ws/install/px4_ros_com/local/lib/python3.10/dist-packages/px4_ros_com-0.1.0-py3.10.egg-info/PKG-INFO
[7.454s] -- Symlinking: /workspace/ros2_ws/install/px4_ros_com/local/lib/python3.10/dist-packages/px4_ros_com-0.1.0-py3.10.egg-info/SOURCES.txt
[7.460s] -- Symlinking: /workspace/ros2_ws/install/px4_ros_com/local/lib/python3.10/dist-packages/px4_ros_com-0.1.0-py3.10.egg-info/dependency_links.txt
[7.465s] -- Symlinking: /workspace/ros2_ws/install/px4_ros_com/local/lib/python3.10/dist-packages/px4_ros_com-0.1.0-py3.10.egg-info/top_level.txt
[7.471s] -- Symlinking: /workspace/ros2_ws/install/px4_ros_com/local/lib/python3.10/dist-packages/px4_ros_com/__init__.py
[7.476s] -- Symlinking: /workspace/ros2_ws/install/px4_ros_com/local/lib/python3.10/dist-packages/px4_ros_com/module_to_import.py
[7.481s] -- Symlinking: /workspace/ros2_ws/install/px4_ros_com/lib/px4_ros_com/offboard_control.py
[7.487s] -- Symlinking: /workspace/ros2_ws/install/px4_ros_com/share/ament_index/resource_index/package_run_dependencies/px4_ros_com
[7.493s] -- Symlinking: /workspace/ros2_ws/install/px4_ros_com/share/ament_index/resource_index/parent_prefix_path/px4_ros_com
[7.498s] -- Symlinking: /workspace/ros2_ws/install/px4_ros_com/share/px4_ros_com/environment/ament_prefix_path.sh
[7.504s] -- Symlinking: /workspace/ros2_ws/install/px4_ros_com/share/px4_ros_com/environment/ament_prefix_path.dsv
[7.509s] -- Symlinking: /workspace/ros2_ws/install/px4_ros_com/share/px4_ros_com/environment/path.sh
[7.514s] -- Symlinking: /workspace/ros2_ws/install/px4_ros_com/share/px4_ros_com/environment/path.dsv
[7.520s] -- Symlinking: /workspace/ros2_ws/install/px4_ros_com/share/px4_ros_com/local_setup.bash
[7.525s] -- Symlinking: /workspace/ros2_ws/install/px4_ros_com/share/px4_ros_com/local_setup.sh
[7.531s] -- Symlinking: /workspace/ros2_ws/install/px4_ros_com/share/px4_ros_com/local_setup.zsh
[7.536s] -- Symlinking: /workspace/ros2_ws/install/px4_ros_com/share/px4_ros_com/local_setup.dsv
[7.542s] -- Symlinking: /workspace/ros2_ws/install/px4_ros_com/share/px4_ros_com/package.dsv
[7.547s] -- Symlinking: /workspace/ros2_ws/install/px4_ros_com/share/ament_index/resource_index/packages/px4_ros_com
[7.553s] -- Symlinking: /workspace/ros2_ws/install/px4_ros_com/share/px4_ros_com/cmake/ament_cmake_export_dependencies-extras.cmake
[7.559s] -- Symlinking: /workspace/ros2_ws/install/px4_ros_com/share/px4_ros_com/cmake/ament_cmake_export_targets-extras.cmake
[7.566s] -- Symlinking: /workspace/ros2_ws/install/px4_ros_com/share/px4_ros_com/cmake/ament_cmake_export_include_directories-extras.cmake
[7.572s] -- Symlinking: /workspace/ros2_ws/install/px4_ros_com/share/px4_ros_com/cmake/ament_cmake_export_libraries-extras.cmake
[7.578s] -- Symlinking: /workspace/ros2_ws/install/px4_ros_com/share/px4_ros_com/cmake/px4_ros_comConfig.cmake
[7.583s] -- Symlinking: /workspace/ros2_ws/install/px4_ros_com/share/px4_ros_com/cmake/px4_ros_comConfig-version.cmake
[7.589s] -- Symlinking: /workspace/ros2_ws/install/px4_ros_com/share/px4_ros_com/package.xml
[7.595s] -- Installing: /workspace/ros2_ws/install/px4_ros_com/lib/libframe_transforms.so
[7.597s] -- Set runtime path of "/workspace/ros2_ws/install/px4_ros_com/lib/libframe_transforms.so" to ""
[7.621s] Listing '/workspace/ros2_ws/install/px4_ros_com/local/lib/python3.10/dist-packages/px4_ros_com'...
[7.622s] Compiling '/workspace/ros2_ws/install/px4_ros_com/local/lib/python3.10/dist-packages/px4_ros_com/__init__.py'...
[7.622s] Compiling '/workspace/ros2_ws/install/px4_ros_com/local/lib/python3.10/dist-packages/px4_ros_com/module_to_import.py'...
[7.625s] -- Installing: /workspace/ros2_ws/install/px4_ros_com/share/px4_ros_com/cmake/export_frame_transformsExport.cmake
[7.625s] -- Installing: /workspace/ros2_ws/install/px4_ros_com/share/px4_ros_com/cmake/export_frame_transformsExport-noconfig.cmake
[7.627s] Invoked command in '/workspace/ros2_ws/build/px4_ros_com' returned '0': AMENT_PREFIX_PATH=/workspace/ros2_ws/install/px4_msgs:${AMENT_PREFIX_PATH} CMAKE_PREFIX_PATH=/workspace/ros2_ws/install/px4_msgs:/opt/ros/humble LD_LIBRARY_PATH=/workspace/ros2_ws/install/px4_msgs/lib:${LD_LIBRARY_PATH} PYTHONPATH=/workspace/ros2_ws/install/px4_msgs/local/lib/python3.10/dist-packages:${PYTHONPATH} /usr/bin/cmake --install /workspace/ros2_ws/build/px4_ros_com
